// Jest Snapshot v1, https://goo.gl/fbAQLP

exports[`make snapshots on the nav 1`] = `
<header
  className="flex"
>
  <div
    className="logo-details flex"
  >
    <a
      aria-current="page"
      className="active"
      href="/"
      onClick={[Function]}
    >
      <img
        alt="planets"
        className="img-logo"
        src="planet.png"
      />
    </a>
    <h2>
      Space Travelersâ€™ Hub
    </h2>
  </div>
  <ul
    className="list-container flex"
  >
    <li>
      <a
        aria-current="page"
        className="active"
        href="/"
        onClick={[Function]}
      >
        Rockets
      </a>
    </li>
    <li>
      <a
        className=""
        href="/missions"
        onClick={[Function]}
      >
        Missions
      </a>
    </li>
    <li>
      <a
        className=""
        href="/myprofile"
        onClick={[Function]}
      >
        My Profile
      </a>
    </li>
  </ul>
</header>
`;
